<?php return array (
  0 => 'Symfony\\Bundle\\FrameworkBundle\\Controller\\AbstractController',
  1 => 'App\\Controller\\HelloController',
  2 => 'App\\Controller\\HomeController',
  3 => 'App\\Entity\\Category',
  4 => 'App\\Entity\\Product',
  5 => 'Doctrine\\Bundle\\DoctrineBundle\\Controller\\ProfilerController',
  6 => 'Doctrine\\ORM\\Cache\\Persister\\Entity\\AbstractEntityPersister',
  7 => 'Doctrine\\ORM\\Cache\\Persister\\Entity\\CachedEntityPersister',
  8 => 'Doctrine\\ORM\\Cache\\Persister\\Entity\\NonStrictReadWriteCachedEntityPersister',
  9 => 'Doctrine\\ORM\\Cache\\Persister\\Entity\\ReadOnlyCachedEntityPersister',
  10 => 'Doctrine\\ORM\\Cache\\Persister\\Entity\\ReadWriteCachedEntityPersister',
  11 => 'Doctrine\\ORM\\Persisters\\Entity\\AbstractEntityInheritancePersister',
  12 => 'Doctrine\\ORM\\Persisters\\Entity\\BasicEntityPersister',
  13 => 'Doctrine\\ORM\\Persisters\\Entity\\CachedPersisterContext',
  14 => 'Doctrine\\ORM\\Persisters\\Entity\\EntityPersister',
  15 => 'Doctrine\\ORM\\Persisters\\Entity\\JoinedSubclassPersister',
  16 => 'Doctrine\\ORM\\Persisters\\Entity\\SingleTablePersister',
  18 => 'Symfony\\Bundle\\FrameworkBundle\\Controller\\ControllerResolver',
  19 => 'Symfony\\Bundle\\FrameworkBundle\\Controller\\RedirectController',
  20 => 'Symfony\\Bundle\\FrameworkBundle\\Controller\\TemplateController',
  21 => 'Symfony\\Component\\HttpKernel\\Controller\\ArgumentResolver',
  22 => 'Symfony\\Component\\HttpKernel\\Controller\\ArgumentResolverInterface',
  23 => 'Symfony\\Component\\HttpKernel\\Controller\\ArgumentResolver\\DefaultValueResolver',
  24 => 'Symfony\\Component\\HttpKernel\\Controller\\ArgumentResolver\\NotTaggedControllerValueResolver',
  25 => 'Symfony\\Component\\HttpKernel\\Controller\\ArgumentResolver\\RequestAttributeValueResolver',
  26 => 'Symfony\\Component\\HttpKernel\\Controller\\ArgumentResolver\\RequestValueResolver',
  27 => 'Symfony\\Component\\HttpKernel\\Controller\\ArgumentResolver\\ServiceValueResolver',
  28 => 'Symfony\\Component\\HttpKernel\\Controller\\ArgumentResolver\\SessionValueResolver',
  29 => 'Symfony\\Component\\HttpKernel\\Controller\\ArgumentResolver\\TraceableValueResolver',
  30 => 'Symfony\\Component\\HttpKernel\\Controller\\ArgumentResolver\\VariadicValueResolver',
  31 => 'Symfony\\Component\\HttpKernel\\Controller\\ArgumentValueResolverInterface',
  32 => 'Symfony\\Component\\HttpKernel\\Controller\\ContainerControllerResolver',
  33 => 'Symfony\\Component\\HttpKernel\\Controller\\ControllerReference',
  34 => 'Symfony\\Component\\HttpKernel\\Controller\\ControllerResolver',
  35 => 'Symfony\\Component\\HttpKernel\\Controller\\ControllerResolverInterface',
  36 => 'Symfony\\Component\\HttpKernel\\Controller\\ErrorController',
  37 => 'Symfony\\Component\\HttpKernel\\Controller\\TraceableArgumentResolver',
  38 => 'Symfony\\Component\\HttpKernel\\Controller\\TraceableControllerResolver',
);